******************************************************************************
                  TI ARM Linker Unix v20.2.2                   
******************************************************************************
>> Linked Sun Sep 13 20:09:46 2020

OUTPUT FILE NAME:   <Lab2.1_Button_LED_Blink_Rate_Control.out>
ENTRY POINT SYMBOL: "_c_int00_noargs"  address: 00000c69


MEMORY CONFIGURATION

         name            origin    length      used     unused   attr    fill
----------------------  --------  ---------  --------  --------  ----  --------
  MAIN                  00000000   00040000  00000cfc  0003f304  R  X
  INFO                  00200000   00004000  00000000  00004000  R  X
  SRAM_CODE             01000000   00010000  0000020c  0000fdf4  RW X
  SRAM_DATA             20000000   00010000  0000020c  0000fdf4  RW  


SEGMENT ALLOCATION MAP

run origin  load origin   length   init length attrs members
----------  ----------- ---------- ----------- ----- -------
00000000    00000000    00000cfc   00000cfc    r-x
  00000000    00000000    000000e4   000000e4    r-- .intvecs
  000000e4    000000e4    00000bfc   00000bfc    r-x .text
  00000ce0    00000ce0    0000001c   0000001c    r-- .cinit
20000000    20000000    0000000c   00000000    rw-
  20000000    20000000    0000000c   00000000    rw- .data
2000fe00    2000fe00    00000200   00000000    rw-
  2000fe00    2000fe00    00000200   00000000    rw- .stack


SECTION ALLOCATION MAP

 output                                  attributes/
section   page    origin      length       input sections
--------  ----  ----------  ----------   ----------------
.intvecs   0    00000000    000000e4     
                  00000000    000000e4     startup_msp432p401r_ccs.obj (.intvecs:retain)

.text      0    000000e4    00000bfc     
                  000000e4    00000334     system_msp432p401r.obj (.text)
                  00000418    000001b6     rtsv7M4_T_le_v4SPD16_eabi.lib : fd_add_t2.asm.obj (.text)
                  000005ce    00000002     --HOLE-- [fill = 0]
                  000005d0    0000012c     Buttons.obj (.text)
                  000006fc    0000010c     Interrupts.obj (.text)
                  00000808    000000fc     rtsv7M4_T_le_v4SPD16_eabi.lib : fd_mul_t2.asm.obj (.text)
                  00000904    000000e0     SysTick.obj (.text)
                  000009e4    000000b0     LEDs.obj (.text)
                  00000a94    0000009c     rtsv7M4_T_le_v4SPD16_eabi.lib : memcpy_t2.asm.obj (.text)
                  00000b30    00000068                                   : copy_decompress_lzss.c.obj (.text:decompress:lzss:__TI_decompress_lzss)
                  00000b98    00000048     main.obj (.text)
                  00000be0    00000044     rtsv7M4_T_le_v4SPD16_eabi.lib : autoinit.c.obj (.text:__TI_auto_init_nobinit_nopinit:__TI_auto_init_nobinit_nopinit)
                  00000c24    00000044                                   : fd_tou_t2.asm.obj (.text)
                  00000c68    00000034                                   : boot_cortex_m.c.obj (.text:_c_int00_noargs:_c_int00_noargs)
                  00000c9c    00000020                                   : u_tofd_t2.asm.obj (.text)
                  00000cbc    0000000e                                   : copy_decompress_none.c.obj (.text:decompress:none:__TI_decompress_none)
                  00000cca    0000000e     startup_msp432p401r_ccs.obj (.text)
                  00000cd8    00000004     rtsv7M4_T_le_v4SPD16_eabi.lib : pre_init.c.obj (.text:_system_pre_init)
                  00000cdc    00000004                                   : exit.c.obj (.text:abort:abort)

.cinit     0    00000ce0    0000001c     
                  00000ce0    0000000b     (.cinit..data.load) [load image, compression = lzss]
                  00000ceb    00000001     --HOLE-- [fill = 0]
                  00000cec    00000008     (__TI_handler_table)
                  00000cf4    00000008     (__TI_cinit_table)

.init_array 
*          0    00000000    00000000     UNINITIALIZED

.binit     0    00000000    00000000     

.data      0    20000000    0000000c     UNINITIALIZED
                  20000000    00000004     Buttons.obj (.data)
                  20000004    00000004     main.obj (.data)
                  20000008    00000004     system_msp432p401r.obj (.data)

.stack     0    2000fe00    00000200     UNINITIALIZED
                  2000fe00    00000004     rtsv7M4_T_le_v4SPD16_eabi.lib : boot_cortex_m.c.obj (.stack)
                  2000fe04    000001fc     --HOLE--

__llvm_prf_cnts 
*          0    20000000    00000000     UNINITIALIZED

MODULE SUMMARY

       Module                        code   ro data   rw data
       ------                        ----   -------   -------
    ./
       system_msp432p401r.obj        820    0         8      
       Buttons.obj                   300    0         8      
       Interrupts.obj                268    0         0      
       startup_msp432p401r_ccs.obj   14     228       0      
       SysTick.obj                   224    0         0      
       LEDs.obj                      176    0         0      
       main.obj                      72     0         8      
    +--+-----------------------------+------+---------+---------+
       Total:                        1874   228       24     
                                                             
    /Applications/ti/ccs1010/ccs/tools/compiler/ti-cgt-arm_20.2.2.LTS/lib/rtsv7M4_T_le_v4SPD16_eabi.lib
       fd_add_t2.asm.obj             438    0         0      
       fd_mul_t2.asm.obj             252    0         0      
       memcpy_t2.asm.obj             156    0         0      
       copy_decompress_lzss.c.obj    104    0         0      
       autoinit.c.obj                68     0         0      
       fd_tou_t2.asm.obj             68     0         0      
       boot_cortex_m.c.obj           52     0         0      
       u_tofd_t2.asm.obj             32     0         0      
       copy_decompress_none.c.obj    14     0         0      
       exit.c.obj                    4      0         0      
       pre_init.c.obj                4      0         0      
    +--+-----------------------------+------+---------+---------+
       Total:                        1192   0         0      
                                                             
       Stack:                        0      0         1024   
       Linker Generated:             0      27        0      
    +--+-----------------------------+------+---------+---------+
       Grand Total:                  3066   255       1048   


LINKER GENERATED COPY TABLES

__TI_cinit_table @ 00000cf4 records: 1, size/record: 8, table size: 8
	.data: load addr=00000ce0, load size=0000000b bytes, run addr=20000000, run size=0000000c bytes, compression=lzss


LINKER GENERATED HANDLER TABLE

__TI_handler_table @ 00000cec records: 2, size/record: 4, table size: 8
	index: 0, handler: __TI_decompress_lzss
	index: 1, handler: __TI_decompress_none


GLOBAL SYMBOLS: SORTED ALPHABETICALLY BY Name 

address   name                          
-------   ----                          
00000757  ADC14_IRQHandler              
00000757  ADC14_IRQHandler              
0000075f  AES256_IRQHandler             
0000075f  AES256_IRQHandler             
00000cd7  BusFault_Handler              
00000703  BusFault_IRQHandler           
00000cdd  C$$EXIT                       
0000061f  CHECK                         
0000071b  COMP_E0_IRQHandler            
0000071b  COMP_E0_IRQHandler            
0000071d  COMP_E1_IRQHandler            
0000071d  COMP_E1_IRQHandler            
00000711  CS_IRQHandler                 
00000711  CS_IRQHandler                 
00000763  DMA_ERR_IRQHandler            
00000763  DMA_ERR_IRQHandler            
0000076b  DMA_INT0_IRQHandler           
0000076b  DMA_INT0_IRQHandler           
00000769  DMA_INT1_IRQHandler           
00000769  DMA_INT1_IRQHandler           
00000767  DMA_INT2_IRQHandler           
00000767  DMA_INT2_IRQHandler           
00000765  DMA_INT3_IRQHandler           
00000765  DMA_INT3_IRQHandler           
00000cd7  DebugMon_Handler              
00000709  DebugMonitor_IRQHandler       
00000cd7  Default_Handler               
00000747  EUSCIA0_IRQHandler            
00000747  EUSCIA0_IRQHandler            
00000749  EUSCIA1_IRQHandler            
00000749  EUSCIA1_IRQHandler            
0000074b  EUSCIA2_IRQHandler            
0000074b  EUSCIA2_IRQHandler            
0000074d  EUSCIA3_IRQHandler            
0000074d  EUSCIA3_IRQHandler            
0000074f  EUSCIB0_IRQHandler            
0000074f  EUSCIB0_IRQHandler            
00000751  EUSCIB1_IRQHandler            
00000751  EUSCIB1_IRQHandler            
00000753  EUSCIB2_IRQHandler            
00000753  EUSCIB2_IRQHandler            
00000755  EUSCIB3_IRQHandler            
00000755  EUSCIB3_IRQHandler            
00000719  FLCTL_IRQHandler              
00000719  FLCTL_IRQHandler              
00000717  FPU_IRQHandler                
00000717  FPU_IRQHandler                
00000bc5  GPIO_init                     
00000cd7  HardFault_Handler             
000006ff  HardFault_IRQHandler          
00000a27  LED_blink                     
000009e5  LED_init                      
00000cd7  MemManage_Handler             
00000701  MemoryManagement_IRQHandler   
00000cd7  NMI_Handler                   
000006fd  NonMaskableInt_IRQHandler     
00000713  PCM_IRQHandler                
00000713  PCM_IRQHandler                
0000076d  PORT1_IRQHandler              
0000076d  PORT1_IRQHandler              
000007f3  PORT2_IRQHandler              
000007f3  PORT2_IRQHandler              
000007f5  PORT3_IRQHandler              
000007f5  PORT3_IRQHandler              
000007f7  PORT4_IRQHandler              
000007f7  PORT4_IRQHandler              
000007f9  PORT5_IRQHandler              
000007f9  PORT5_IRQHandler              
000007fb  PORT6_IRQHandler              
000007fb  PORT6_IRQHandler              
0000070f  PSS_IRQHandler                
0000070f  PSS_IRQHandler                
00000cd7  PendSV_Handler                
0000070b  PendSV_IRQHandler             
00000761  RTC_C_IRQHandler              
00000761  RTC_C_IRQHandler              
00000ccb  Reset_Handler                 
00000cd7  SVC_Handler                   
00000707  SVCall_IRQHandler             
00000cd7  SysTick_Handler               
0000070d  SysTick_IRQHandler            
20000008  SystemCoreClock               
000000e5  SystemCoreClockUpdate         
0000035d  SystemInit                    
00000759  T32_INT1_IRQHandler           
00000759  T32_INT1_IRQHandler           
0000075b  T32_INT2_IRQHandler           
0000075b  T32_INT2_IRQHandler           
0000075d  T32_INTC_IRQHandler           
0000075d  T32_INTC_IRQHandler           
0000071f  TA0_0_IRQHandler              
0000071f  TA0_0_IRQHandler              
00000721  TA0_1_IRQHandler              
00000723  TA0_2_IRQHandler              
00000725  TA0_3_IRQHandler              
00000727  TA0_4_IRQHandler              
00000cd7  TA0_N_IRQHandler              
00000729  TA1_0_IRQHandler              
00000729  TA1_0_IRQHandler              
0000072b  TA1_1_IRQHandler              
0000072d  TA1_2_IRQHandler              
0000072f  TA1_3_IRQHandler              
00000731  TA1_4_IRQHandler              
00000cd7  TA1_N_IRQHandler              
00000733  TA2_0_IRQHandler              
00000733  TA2_0_IRQHandler              
00000735  TA2_1_IRQHandler              
00000737  TA2_2_IRQHandler              
00000739  TA2_3_IRQHandler              
0000073b  TA2_4_IRQHandler              
00000cd7  TA2_N_IRQHandler              
0000073d  TA3_0_IRQHandler              
0000073d  TA3_0_IRQHandler              
0000073f  TA3_1_IRQHandler              
00000741  TA3_2_IRQHandler              
00000743  TA3_3_IRQHandler              
00000745  TA3_4_IRQHandler              
00000cd7  TA3_N_IRQHandler              
00000cd7  UsageFault_Handler            
00000705  UsageFault_IRQHandler         
4000480c  WDTCTL_SYM                    
00000cd7  WDT_A_IRQHandler              
00000715  WDT_IRQHandler                
20010000  __STACK_END                   
00000200  __STACK_SIZE                  
00000cf4  __TI_CINIT_Base               
00000cfc  __TI_CINIT_Limit              
00000cec  __TI_Handler_Table_Base       
00000cf4  __TI_Handler_Table_Limit      
00000be1  __TI_auto_init_nobinit_nopinit
00000b31  __TI_decompress_lzss          
00000cbd  __TI_decompress_none          
ffffffff  __TI_pprof_out_hndl           
ffffffff  __TI_prof_data_size           
ffffffff  __TI_prof_data_start          
00000000  __TI_static_base__            
00000c25  __aeabi_d2uiz                 
00000423  __aeabi_dadd                  
00000809  __aeabi_dmul                  
00000419  __aeabi_dsub                  
00000a95  __aeabi_memcpy                
00000a95  __aeabi_memcpy4               
00000a95  __aeabi_memcpy8               
00000c9d  __aeabi_ui2d                  
ffffffff  __binit__                     
ffffffff  __c_args__                    
UNDEFED   __mpu_init                    
2000fe00  __stack                       
20000000  __start___llvm_prf_cnts       
20000000  __stop___llvm_prf_cnts        
00000c69  _c_int00_noargs               
UNDEFED   _system_post_cinit            
00000cd9  _system_pre_init              
00000cdd  abort                         
ffffffff  binit                         
20000004  blinkRate                     
000005d1  buttonInit                    
0000069b  debounceDOWN                  
00000665  debounceUP                    
00000000  interruptVectors              
00000b99  main                          
00000a95  memcpy                        
0000093b  msDelay                       
0000098d  nsDelay                       
00000921  sysTickInterrupt_init         
00000905  sysTick_init                  
00000a1b  turnOff                       
00000a0f  turnOn                        
00000965  usDelay                       


GLOBAL SYMBOLS: SORTED BY Symbol Address 

address   name                          
-------   ----                          
00000000  __TI_static_base__            
00000000  interruptVectors              
000000e5  SystemCoreClockUpdate         
00000200  __STACK_SIZE                  
0000035d  SystemInit                    
00000419  __aeabi_dsub                  
00000423  __aeabi_dadd                  
000005d1  buttonInit                    
0000061f  CHECK                         
00000665  debounceUP                    
0000069b  debounceDOWN                  
000006fd  NonMaskableInt_IRQHandler     
000006ff  HardFault_IRQHandler          
00000701  MemoryManagement_IRQHandler   
00000703  BusFault_IRQHandler           
00000705  UsageFault_IRQHandler         
00000707  SVCall_IRQHandler             
00000709  DebugMonitor_IRQHandler       
0000070b  PendSV_IRQHandler             
0000070d  SysTick_IRQHandler            
0000070f  PSS_IRQHandler                
0000070f  PSS_IRQHandler                
00000711  CS_IRQHandler                 
00000711  CS_IRQHandler                 
00000713  PCM_IRQHandler                
00000713  PCM_IRQHandler                
00000715  WDT_IRQHandler                
00000717  FPU_IRQHandler                
00000717  FPU_IRQHandler                
00000719  FLCTL_IRQHandler              
00000719  FLCTL_IRQHandler              
0000071b  COMP_E0_IRQHandler            
0000071b  COMP_E0_IRQHandler            
0000071d  COMP_E1_IRQHandler            
0000071d  COMP_E1_IRQHandler            
0000071f  TA0_0_IRQHandler              
0000071f  TA0_0_IRQHandler              
00000721  TA0_1_IRQHandler              
00000723  TA0_2_IRQHandler              
00000725  TA0_3_IRQHandler              
00000727  TA0_4_IRQHandler              
00000729  TA1_0_IRQHandler              
00000729  TA1_0_IRQHandler              
0000072b  TA1_1_IRQHandler              
0000072d  TA1_2_IRQHandler              
0000072f  TA1_3_IRQHandler              
00000731  TA1_4_IRQHandler              
00000733  TA2_0_IRQHandler              
00000733  TA2_0_IRQHandler              
00000735  TA2_1_IRQHandler              
00000737  TA2_2_IRQHandler              
00000739  TA2_3_IRQHandler              
0000073b  TA2_4_IRQHandler              
0000073d  TA3_0_IRQHandler              
0000073d  TA3_0_IRQHandler              
0000073f  TA3_1_IRQHandler              
00000741  TA3_2_IRQHandler              
00000743  TA3_3_IRQHandler              
00000745  TA3_4_IRQHandler              
00000747  EUSCIA0_IRQHandler            
00000747  EUSCIA0_IRQHandler            
00000749  EUSCIA1_IRQHandler            
00000749  EUSCIA1_IRQHandler            
0000074b  EUSCIA2_IRQHandler            
0000074b  EUSCIA2_IRQHandler            
0000074d  EUSCIA3_IRQHandler            
0000074d  EUSCIA3_IRQHandler            
0000074f  EUSCIB0_IRQHandler            
0000074f  EUSCIB0_IRQHandler            
00000751  EUSCIB1_IRQHandler            
00000751  EUSCIB1_IRQHandler            
00000753  EUSCIB2_IRQHandler            
00000753  EUSCIB2_IRQHandler            
00000755  EUSCIB3_IRQHandler            
00000755  EUSCIB3_IRQHandler            
00000757  ADC14_IRQHandler              
00000757  ADC14_IRQHandler              
00000759  T32_INT1_IRQHandler           
00000759  T32_INT1_IRQHandler           
0000075b  T32_INT2_IRQHandler           
0000075b  T32_INT2_IRQHandler           
0000075d  T32_INTC_IRQHandler           
0000075d  T32_INTC_IRQHandler           
0000075f  AES256_IRQHandler             
0000075f  AES256_IRQHandler             
00000761  RTC_C_IRQHandler              
00000761  RTC_C_IRQHandler              
00000763  DMA_ERR_IRQHandler            
00000763  DMA_ERR_IRQHandler            
00000765  DMA_INT3_IRQHandler           
00000765  DMA_INT3_IRQHandler           
00000767  DMA_INT2_IRQHandler           
00000767  DMA_INT2_IRQHandler           
00000769  DMA_INT1_IRQHandler           
00000769  DMA_INT1_IRQHandler           
0000076b  DMA_INT0_IRQHandler           
0000076b  DMA_INT0_IRQHandler           
0000076d  PORT1_IRQHandler              
0000076d  PORT1_IRQHandler              
000007f3  PORT2_IRQHandler              
000007f3  PORT2_IRQHandler              
000007f5  PORT3_IRQHandler              
000007f5  PORT3_IRQHandler              
000007f7  PORT4_IRQHandler              
000007f7  PORT4_IRQHandler              
000007f9  PORT5_IRQHandler              
000007f9  PORT5_IRQHandler              
000007fb  PORT6_IRQHandler              
000007fb  PORT6_IRQHandler              
00000809  __aeabi_dmul                  
00000905  sysTick_init                  
00000921  sysTickInterrupt_init         
0000093b  msDelay                       
00000965  usDelay                       
0000098d  nsDelay                       
000009e5  LED_init                      
00000a0f  turnOn                        
00000a1b  turnOff                       
00000a27  LED_blink                     
00000a95  __aeabi_memcpy                
00000a95  __aeabi_memcpy4               
00000a95  __aeabi_memcpy8               
00000a95  memcpy                        
00000b31  __TI_decompress_lzss          
00000b99  main                          
00000bc5  GPIO_init                     
00000be1  __TI_auto_init_nobinit_nopinit
00000c25  __aeabi_d2uiz                 
00000c69  _c_int00_noargs               
00000c9d  __aeabi_ui2d                  
00000cbd  __TI_decompress_none          
00000ccb  Reset_Handler                 
00000cd7  BusFault_Handler              
00000cd7  DebugMon_Handler              
00000cd7  Default_Handler               
00000cd7  HardFault_Handler             
00000cd7  MemManage_Handler             
00000cd7  NMI_Handler                   
00000cd7  PendSV_Handler                
00000cd7  SVC_Handler                   
00000cd7  SysTick_Handler               
00000cd7  TA0_N_IRQHandler              
00000cd7  TA1_N_IRQHandler              
00000cd7  TA2_N_IRQHandler              
00000cd7  TA3_N_IRQHandler              
00000cd7  UsageFault_Handler            
00000cd7  WDT_A_IRQHandler              
00000cd9  _system_pre_init              
00000cdd  C$$EXIT                       
00000cdd  abort                         
00000cec  __TI_Handler_Table_Base       
00000cf4  __TI_CINIT_Base               
00000cf4  __TI_Handler_Table_Limit      
00000cfc  __TI_CINIT_Limit              
20000000  __start___llvm_prf_cnts       
20000000  __stop___llvm_prf_cnts        
20000004  blinkRate                     
20000008  SystemCoreClock               
2000fe00  __stack                       
20010000  __STACK_END                   
4000480c  WDTCTL_SYM                    
ffffffff  __TI_pprof_out_hndl           
ffffffff  __TI_prof_data_size           
ffffffff  __TI_prof_data_start          
ffffffff  __binit__                     
ffffffff  __c_args__                    
ffffffff  binit                         
UNDEFED   __mpu_init                    
UNDEFED   _system_post_cinit            

[169 symbols]
