******************************************************************************
                  TI ARM Linker Unix v20.2.2                   
******************************************************************************
>> Linked Thu Sep 17 19:14:40 2020

OUTPUT FILE NAME:   <Lab2.3_LED_Sequence_Timer_Button_Control.out>
ENTRY POINT SYMBOL: "_c_int00_noargs"  address: 00000c91


MEMORY CONFIGURATION

         name            origin    length      used     unused   attr    fill
----------------------  --------  ---------  --------  --------  ----  --------
  MAIN                  00000000   00040000  00000d54  0003f2ac  R  X
  INFO                  00200000   00004000  00000000  00004000  R  X
  SRAM_CODE             01000000   00010000  00000210  0000fdf0  RW X
  SRAM_DATA             20000000   00010000  00000210  0000fdf0  RW  


SEGMENT ALLOCATION MAP

run origin  load origin   length   init length attrs members
----------  ----------- ---------- ----------- ----- -------
00000000    00000000    00000d54   00000d54    r-x
  00000000    00000000    000000e4   000000e4    r-- .intvecs
  000000e4    000000e4    00000c54   00000c54    r-x .text
  00000d38    00000d38    0000001c   0000001c    r-- .cinit
20000000    20000000    00000010   00000000    rw-
  20000000    20000000    00000010   00000000    rw- .data
2000fe00    2000fe00    00000200   00000000    rw-
  2000fe00    2000fe00    00000200   00000000    rw- .stack


SECTION ALLOCATION MAP

 output                                  attributes/
section   page    origin      length       input sections
--------  ----  ----------  ----------   ----------------
.intvecs   0    00000000    000000e4     
                  00000000    000000e4     startup_msp432p401r_ccs.obj (.intvecs:retain)

.text      0    000000e4    00000c54     
                  000000e4    00000334     system_msp432p401r.obj (.text)
                  00000418    000001b6     rtsv7M4_T_le_v4SPD16_eabi.lib : fd_add_t2.asm.obj (.text)
                  000005ce    00000002     --HOLE-- [fill = 0]
                  000005d0    00000150     LEDs.obj (.text)
                  00000720    00000120     Buttons.obj (.text)
                  00000840    000000fc     rtsv7M4_T_le_v4SPD16_eabi.lib : fd_mul_t2.asm.obj (.text)
                  0000093c    000000e8     Interrupts.obj (.text)
                  00000a24    000000e0     SysTick.obj (.text)
                  00000b04    0000009c     rtsv7M4_T_le_v4SPD16_eabi.lib : memcpy_t2.asm.obj (.text)
                  00000ba0    00000068                                   : copy_decompress_lzss.c.obj (.text:decompress:lzss:__TI_decompress_lzss)
                  00000c08    00000044                                   : autoinit.c.obj (.text:__TI_auto_init_nobinit_nopinit:__TI_auto_init_nobinit_nopinit)
                  00000c4c    00000044                                   : fd_tou_t2.asm.obj (.text)
                  00000c90    00000034                                   : boot_cortex_m.c.obj (.text:_c_int00_noargs:_c_int00_noargs)
                  00000cc4    00000030     main.obj (.text)
                  00000cf4    00000020     rtsv7M4_T_le_v4SPD16_eabi.lib : u_tofd_t2.asm.obj (.text)
                  00000d14    0000000e                                   : copy_decompress_none.c.obj (.text:decompress:none:__TI_decompress_none)
                  00000d22    0000000e     startup_msp432p401r_ccs.obj (.text)
                  00000d30    00000004     rtsv7M4_T_le_v4SPD16_eabi.lib : pre_init.c.obj (.text:_system_pre_init)
                  00000d34    00000004                                   : exit.c.obj (.text:abort:abort)

.cinit     0    00000d38    0000001c     
                  00000d38    0000000b     (.cinit..data.load) [load image, compression = lzss]
                  00000d43    00000001     --HOLE-- [fill = 0]
                  00000d44    00000008     (__TI_handler_table)
                  00000d4c    00000008     (__TI_cinit_table)

.init_array 
*          0    00000000    00000000     UNINITIALIZED

.binit     0    00000000    00000000     

.data      0    20000000    00000010     UNINITIALIZED
                  20000000    00000008     main.obj (.data)
                  20000008    00000004     Buttons.obj (.data)
                  2000000c    00000004     system_msp432p401r.obj (.data)

.stack     0    2000fe00    00000200     UNINITIALIZED
                  2000fe00    00000004     rtsv7M4_T_le_v4SPD16_eabi.lib : boot_cortex_m.c.obj (.stack)
                  2000fe04    000001fc     --HOLE--

__llvm_prf_cnts 
*          0    20000000    00000000     UNINITIALIZED

MODULE SUMMARY

       Module                        code   ro data   rw data
       ------                        ----   -------   -------
    ./
       system_msp432p401r.obj        820    0         8      
       LEDs.obj                      336    0         0      
       Buttons.obj                   288    0         8      
       startup_msp432p401r_ccs.obj   14     228       0      
       Interrupts.obj                232    0         0      
       SysTick.obj                   224    0         0      
       main.obj                      48     0         16     
    +--+-----------------------------+------+---------+---------+
       Total:                        1962   228       32     
                                                             
    /Applications/ti/ccs1010/ccs/tools/compiler/ti-cgt-arm_20.2.2.LTS/lib/rtsv7M4_T_le_v4SPD16_eabi.lib
       fd_add_t2.asm.obj             438    0         0      
       fd_mul_t2.asm.obj             252    0         0      
       memcpy_t2.asm.obj             156    0         0      
       copy_decompress_lzss.c.obj    104    0         0      
       autoinit.c.obj                68     0         0      
       fd_tou_t2.asm.obj             68     0         0      
       boot_cortex_m.c.obj           52     0         0      
       u_tofd_t2.asm.obj             32     0         0      
       copy_decompress_none.c.obj    14     0         0      
       exit.c.obj                    4      0         0      
       pre_init.c.obj                4      0         0      
    +--+-----------------------------+------+---------+---------+
       Total:                        1192   0         0      
                                                             
       Stack:                        0      0         1024   
       Linker Generated:             0      27        0      
    +--+-----------------------------+------+---------+---------+
       Grand Total:                  3154   255       1056   


LINKER GENERATED COPY TABLES

__TI_cinit_table @ 00000d4c records: 1, size/record: 8, table size: 8
	.data: load addr=00000d38, load size=0000000b bytes, run addr=20000000, run size=00000010 bytes, compression=lzss


LINKER GENERATED HANDLER TABLE

__TI_handler_table @ 00000d44 records: 2, size/record: 4, table size: 8
	index: 0, handler: __TI_decompress_lzss
	index: 1, handler: __TI_decompress_none


GLOBAL SYMBOLS: SORTED ALPHABETICALLY BY Name 

address   name                          
-------   ----                          
00000997  ADC14_IRQHandler              
00000997  ADC14_IRQHandler              
0000099f  AES256_IRQHandler             
0000099f  AES256_IRQHandler             
00000d2f  BusFault_Handler              
00000943  BusFault_IRQHandler           
00000d35  C$$EXIT                       
0000076f  CHECK                         
0000095b  COMP_E0_IRQHandler            
0000095b  COMP_E0_IRQHandler            
0000095d  COMP_E1_IRQHandler            
0000095d  COMP_E1_IRQHandler            
00000951  CS_IRQHandler                 
00000951  CS_IRQHandler                 
000009a3  DMA_ERR_IRQHandler            
000009a3  DMA_ERR_IRQHandler            
000009ab  DMA_INT0_IRQHandler           
000009ab  DMA_INT0_IRQHandler           
000009a9  DMA_INT1_IRQHandler           
000009a9  DMA_INT1_IRQHandler           
000009a7  DMA_INT2_IRQHandler           
000009a7  DMA_INT2_IRQHandler           
000009a5  DMA_INT3_IRQHandler           
000009a5  DMA_INT3_IRQHandler           
00000d2f  DebugMon_Handler              
00000949  DebugMonitor_IRQHandler       
00000d2f  Default_Handler               
00000987  EUSCIA0_IRQHandler            
00000987  EUSCIA0_IRQHandler            
00000989  EUSCIA1_IRQHandler            
00000989  EUSCIA1_IRQHandler            
0000098b  EUSCIA2_IRQHandler            
0000098b  EUSCIA2_IRQHandler            
0000098d  EUSCIA3_IRQHandler            
0000098d  EUSCIA3_IRQHandler            
0000098f  EUSCIB0_IRQHandler            
0000098f  EUSCIB0_IRQHandler            
00000991  EUSCIB1_IRQHandler            
00000991  EUSCIB1_IRQHandler            
00000993  EUSCIB2_IRQHandler            
00000993  EUSCIB2_IRQHandler            
00000995  EUSCIB3_IRQHandler            
00000995  EUSCIB3_IRQHandler            
00000959  FLCTL_IRQHandler              
00000959  FLCTL_IRQHandler              
00000957  FPU_IRQHandler                
00000957  FPU_IRQHandler                
00000cdd  GPIO_init                     
00000d2f  HardFault_Handler             
0000093f  HardFault_IRQHandler          
0000067f  LED_blink                     
000005d1  LED_init                      
20000000  LEDstate                      
00000d2f  MemManage_Handler             
00000941  MemoryManagement_IRQHandler   
00000d2f  NMI_Handler                   
0000093d  NonMaskableInt_IRQHandler     
00000953  PCM_IRQHandler                
00000953  PCM_IRQHandler                
000009ad  PORT1_IRQHandler              
000009ad  PORT1_IRQHandler              
00000a13  PORT2_IRQHandler              
00000a13  PORT2_IRQHandler              
00000a15  PORT3_IRQHandler              
00000a15  PORT3_IRQHandler              
00000a17  PORT4_IRQHandler              
00000a17  PORT4_IRQHandler              
00000a19  PORT5_IRQHandler              
00000a19  PORT5_IRQHandler              
00000a1b  PORT6_IRQHandler              
00000a1b  PORT6_IRQHandler              
0000094f  PSS_IRQHandler                
0000094f  PSS_IRQHandler                
00000d2f  PendSV_Handler                
0000094b  PendSV_IRQHandler             
000009a1  RTC_C_IRQHandler              
000009a1  RTC_C_IRQHandler              
00000d23  Reset_Handler                 
00000d2f  SVC_Handler                   
00000947  SVCall_IRQHandler             
0000094d  SysTick_Handler               
0000094d  SysTick_Handler               
2000000c  SystemCoreClock               
000000e5  SystemCoreClockUpdate         
0000035d  SystemInit                    
00000999  T32_INT1_IRQHandler           
00000999  T32_INT1_IRQHandler           
0000099b  T32_INT2_IRQHandler           
0000099b  T32_INT2_IRQHandler           
0000099d  T32_INTC_IRQHandler           
0000099d  T32_INTC_IRQHandler           
0000095f  TA0_0_IRQHandler              
0000095f  TA0_0_IRQHandler              
00000961  TA0_1_IRQHandler              
00000963  TA0_2_IRQHandler              
00000965  TA0_3_IRQHandler              
00000967  TA0_4_IRQHandler              
00000d2f  TA0_N_IRQHandler              
00000969  TA1_0_IRQHandler              
00000969  TA1_0_IRQHandler              
0000096b  TA1_1_IRQHandler              
0000096d  TA1_2_IRQHandler              
0000096f  TA1_3_IRQHandler              
00000971  TA1_4_IRQHandler              
00000d2f  TA1_N_IRQHandler              
00000973  TA2_0_IRQHandler              
00000973  TA2_0_IRQHandler              
00000975  TA2_1_IRQHandler              
00000977  TA2_2_IRQHandler              
00000979  TA2_3_IRQHandler              
0000097b  TA2_4_IRQHandler              
00000d2f  TA2_N_IRQHandler              
0000097d  TA3_0_IRQHandler              
0000097d  TA3_0_IRQHandler              
0000097f  TA3_1_IRQHandler              
00000981  TA3_2_IRQHandler              
00000983  TA3_3_IRQHandler              
00000985  TA3_4_IRQHandler              
00000d2f  TA3_N_IRQHandler              
00000d2f  UsageFault_Handler            
00000945  UsageFault_IRQHandler         
4000480c  WDTCTL_SYM                    
00000d2f  WDT_A_IRQHandler              
00000955  WDT_IRQHandler                
20010000  __STACK_END                   
00000200  __STACK_SIZE                  
00000d4c  __TI_CINIT_Base               
00000d54  __TI_CINIT_Limit              
00000d44  __TI_Handler_Table_Base       
00000d4c  __TI_Handler_Table_Limit      
00000c09  __TI_auto_init_nobinit_nopinit
00000ba1  __TI_decompress_lzss          
00000d15  __TI_decompress_none          
ffffffff  __TI_pprof_out_hndl           
ffffffff  __TI_prof_data_size           
ffffffff  __TI_prof_data_start          
00000000  __TI_static_base__            
00000c4d  __aeabi_d2uiz                 
00000423  __aeabi_dadd                  
00000841  __aeabi_dmul                  
00000419  __aeabi_dsub                  
00000b05  __aeabi_memcpy                
00000b05  __aeabi_memcpy4               
00000b05  __aeabi_memcpy8               
00000cf5  __aeabi_ui2d                  
ffffffff  __binit__                     
ffffffff  __c_args__                    
UNDEFED   __mpu_init                    
2000fe00  __stack                       
20000000  __start___llvm_prf_cnts       
20000000  __stop___llvm_prf_cnts        
00000c91  _c_int00_noargs               
UNDEFED   _system_post_cinit            
00000d31  _system_pre_init              
00000d35  abort                         
ffffffff  binit                         
00000721  buttonInit                    
20000004  click                         
000007a9  debounceBtn1                  
000007df  debounceBtn2                  
00000000  interruptVectors              
00000cc5  main                          
00000b05  memcpy                        
00000a5b  msDelay                       
00000aad  nsDelay                       
0000062b  sequence                      
00000a41  sysTickInterrupt_init         
00000a25  sysTick_init                  
00000613  turnOff                       
000005fb  turnOn                        
00000a85  usDelay                       


GLOBAL SYMBOLS: SORTED BY Symbol Address 

address   name                          
-------   ----                          
00000000  __TI_static_base__            
00000000  interruptVectors              
000000e5  SystemCoreClockUpdate         
00000200  __STACK_SIZE                  
0000035d  SystemInit                    
00000419  __aeabi_dsub                  
00000423  __aeabi_dadd                  
000005d1  LED_init                      
000005fb  turnOn                        
00000613  turnOff                       
0000062b  sequence                      
0000067f  LED_blink                     
00000721  buttonInit                    
0000076f  CHECK                         
000007a9  debounceBtn1                  
000007df  debounceBtn2                  
00000841  __aeabi_dmul                  
0000093d  NonMaskableInt_IRQHandler     
0000093f  HardFault_IRQHandler          
00000941  MemoryManagement_IRQHandler   
00000943  BusFault_IRQHandler           
00000945  UsageFault_IRQHandler         
00000947  SVCall_IRQHandler             
00000949  DebugMonitor_IRQHandler       
0000094b  PendSV_IRQHandler             
0000094d  SysTick_Handler               
0000094d  SysTick_Handler               
0000094f  PSS_IRQHandler                
0000094f  PSS_IRQHandler                
00000951  CS_IRQHandler                 
00000951  CS_IRQHandler                 
00000953  PCM_IRQHandler                
00000953  PCM_IRQHandler                
00000955  WDT_IRQHandler                
00000957  FPU_IRQHandler                
00000957  FPU_IRQHandler                
00000959  FLCTL_IRQHandler              
00000959  FLCTL_IRQHandler              
0000095b  COMP_E0_IRQHandler            
0000095b  COMP_E0_IRQHandler            
0000095d  COMP_E1_IRQHandler            
0000095d  COMP_E1_IRQHandler            
0000095f  TA0_0_IRQHandler              
0000095f  TA0_0_IRQHandler              
00000961  TA0_1_IRQHandler              
00000963  TA0_2_IRQHandler              
00000965  TA0_3_IRQHandler              
00000967  TA0_4_IRQHandler              
00000969  TA1_0_IRQHandler              
00000969  TA1_0_IRQHandler              
0000096b  TA1_1_IRQHandler              
0000096d  TA1_2_IRQHandler              
0000096f  TA1_3_IRQHandler              
00000971  TA1_4_IRQHandler              
00000973  TA2_0_IRQHandler              
00000973  TA2_0_IRQHandler              
00000975  TA2_1_IRQHandler              
00000977  TA2_2_IRQHandler              
00000979  TA2_3_IRQHandler              
0000097b  TA2_4_IRQHandler              
0000097d  TA3_0_IRQHandler              
0000097d  TA3_0_IRQHandler              
0000097f  TA3_1_IRQHandler              
00000981  TA3_2_IRQHandler              
00000983  TA3_3_IRQHandler              
00000985  TA3_4_IRQHandler              
00000987  EUSCIA0_IRQHandler            
00000987  EUSCIA0_IRQHandler            
00000989  EUSCIA1_IRQHandler            
00000989  EUSCIA1_IRQHandler            
0000098b  EUSCIA2_IRQHandler            
0000098b  EUSCIA2_IRQHandler            
0000098d  EUSCIA3_IRQHandler            
0000098d  EUSCIA3_IRQHandler            
0000098f  EUSCIB0_IRQHandler            
0000098f  EUSCIB0_IRQHandler            
00000991  EUSCIB1_IRQHandler            
00000991  EUSCIB1_IRQHandler            
00000993  EUSCIB2_IRQHandler            
00000993  EUSCIB2_IRQHandler            
00000995  EUSCIB3_IRQHandler            
00000995  EUSCIB3_IRQHandler            
00000997  ADC14_IRQHandler              
00000997  ADC14_IRQHandler              
00000999  T32_INT1_IRQHandler           
00000999  T32_INT1_IRQHandler           
0000099b  T32_INT2_IRQHandler           
0000099b  T32_INT2_IRQHandler           
0000099d  T32_INTC_IRQHandler           
0000099d  T32_INTC_IRQHandler           
0000099f  AES256_IRQHandler             
0000099f  AES256_IRQHandler             
000009a1  RTC_C_IRQHandler              
000009a1  RTC_C_IRQHandler              
000009a3  DMA_ERR_IRQHandler            
000009a3  DMA_ERR_IRQHandler            
000009a5  DMA_INT3_IRQHandler           
000009a5  DMA_INT3_IRQHandler           
000009a7  DMA_INT2_IRQHandler           
000009a7  DMA_INT2_IRQHandler           
000009a9  DMA_INT1_IRQHandler           
000009a9  DMA_INT1_IRQHandler           
000009ab  DMA_INT0_IRQHandler           
000009ab  DMA_INT0_IRQHandler           
000009ad  PORT1_IRQHandler              
000009ad  PORT1_IRQHandler              
00000a13  PORT2_IRQHandler              
00000a13  PORT2_IRQHandler              
00000a15  PORT3_IRQHandler              
00000a15  PORT3_IRQHandler              
00000a17  PORT4_IRQHandler              
00000a17  PORT4_IRQHandler              
00000a19  PORT5_IRQHandler              
00000a19  PORT5_IRQHandler              
00000a1b  PORT6_IRQHandler              
00000a1b  PORT6_IRQHandler              
00000a25  sysTick_init                  
00000a41  sysTickInterrupt_init         
00000a5b  msDelay                       
00000a85  usDelay                       
00000aad  nsDelay                       
00000b05  __aeabi_memcpy                
00000b05  __aeabi_memcpy4               
00000b05  __aeabi_memcpy8               
00000b05  memcpy                        
00000ba1  __TI_decompress_lzss          
00000c09  __TI_auto_init_nobinit_nopinit
00000c4d  __aeabi_d2uiz                 
00000c91  _c_int00_noargs               
00000cc5  main                          
00000cdd  GPIO_init                     
00000cf5  __aeabi_ui2d                  
00000d15  __TI_decompress_none          
00000d23  Reset_Handler                 
00000d2f  BusFault_Handler              
00000d2f  DebugMon_Handler              
00000d2f  Default_Handler               
00000d2f  HardFault_Handler             
00000d2f  MemManage_Handler             
00000d2f  NMI_Handler                   
00000d2f  PendSV_Handler                
00000d2f  SVC_Handler                   
00000d2f  TA0_N_IRQHandler              
00000d2f  TA1_N_IRQHandler              
00000d2f  TA2_N_IRQHandler              
00000d2f  TA3_N_IRQHandler              
00000d2f  UsageFault_Handler            
00000d2f  WDT_A_IRQHandler              
00000d31  _system_pre_init              
00000d35  C$$EXIT                       
00000d35  abort                         
00000d44  __TI_Handler_Table_Base       
00000d4c  __TI_CINIT_Base               
00000d4c  __TI_Handler_Table_Limit      
00000d54  __TI_CINIT_Limit              
20000000  LEDstate                      
20000000  __start___llvm_prf_cnts       
20000000  __stop___llvm_prf_cnts        
20000004  click                         
2000000c  SystemCoreClock               
2000fe00  __stack                       
20010000  __STACK_END                   
4000480c  WDTCTL_SYM                    
ffffffff  __TI_pprof_out_hndl           
ffffffff  __TI_prof_data_size           
ffffffff  __TI_prof_data_start          
ffffffff  __binit__                     
ffffffff  __c_args__                    
ffffffff  binit                         
UNDEFED   __mpu_init                    
UNDEFED   _system_post_cinit            

[171 symbols]
