******************************************************************************
                  TI ARM Linker Unix v20.2.2                   
******************************************************************************
>> Linked Fri Sep 11 14:40:29 2020

OUTPUT FILE NAME:   <Lab1.1_Input_Interfacing_Using_Interrupts.out>
ENTRY POINT SYMBOL: "_c_int00_noargs"  address: 00000acd


MEMORY CONFIGURATION

         name            origin    length      used     unused   attr    fill
----------------------  --------  ---------  --------  --------  ----  --------
  MAIN                  00000000   00040000  00000b90  0003f470  R  X
  INFO                  00200000   00004000  00000000  00004000  R  X
  SRAM_CODE             01000000   00010000  00000208  0000fdf8  RW X
  SRAM_DATA             20000000   00010000  00000208  0000fdf8  RW  


SEGMENT ALLOCATION MAP

run origin  load origin   length   init length attrs members
----------  ----------- ---------- ----------- ----- -------
00000000    00000000    00000b90   00000b90    r-x
  00000000    00000000    000000e4   000000e4    r-- .intvecs
  000000e4    000000e4    00000a7c   00000a7c    r-x .text
  00000b60    00000b60    00000030   00000030    r-- .cinit
20000000    20000000    00000008   00000000    rw-
  20000000    20000000    00000004   00000000    rw- .bss
  20000004    20000004    00000004   00000000    rw- .data
2000fe00    2000fe00    00000200   00000000    rw-
  2000fe00    2000fe00    00000200   00000000    rw- .stack


SECTION ALLOCATION MAP

 output                                  attributes/
section   page    origin      length       input sections
--------  ----  ----------  ----------   ----------------
.intvecs   0    00000000    000000e4     
                  00000000    000000e4     startup_msp432p401r_ccs.obj (.intvecs:retain)

.text      0    000000e4    00000a7c     
                  000000e4    00000334     system_msp432p401r.obj (.text)
                  00000418    000001b6     rtsv7M4_T_le_v4SPD16_eabi.lib : fd_add_t2.asm.obj (.text)
                  000005ce    00000002     --HOLE-- [fill = 0]
                  000005d0    00000194     main.obj (.text)
                  00000764    000000fc     rtsv7M4_T_le_v4SPD16_eabi.lib : fd_mul_t2.asm.obj (.text)
                  00000860    000000e0     SysTick.obj (.text)
                  00000940    0000009c     rtsv7M4_T_le_v4SPD16_eabi.lib : memcpy_t2.asm.obj (.text)
                  000009dc    00000068                                   : copy_decompress_lzss.c.obj (.text:decompress:lzss:__TI_decompress_lzss)
                  00000a44    00000044                                   : autoinit.c.obj (.text:__TI_auto_init_nobinit_nopinit:__TI_auto_init_nobinit_nopinit)
                  00000a88    00000044                                   : fd_tou_t2.asm.obj (.text)
                  00000acc    00000034                                   : boot_cortex_m.c.obj (.text:_c_int00_noargs:_c_int00_noargs)
                  00000b00    00000020                                   : u_tofd_t2.asm.obj (.text)
                  00000b20    0000001c                                   : copy_zero_init.c.obj (.text:decompress:ZI:__TI_zero_init_nomemset:__TI_zero_init_nomemset)
                  00000b3c    0000000e                                   : copy_decompress_none.c.obj (.text:decompress:none:__TI_decompress_none)
                  00000b4a    0000000e     startup_msp432p401r_ccs.obj (.text)
                  00000b58    00000004     rtsv7M4_T_le_v4SPD16_eabi.lib : pre_init.c.obj (.text:_system_pre_init)
                  00000b5c    00000004                                   : exit.c.obj (.text:abort:abort)

.cinit     0    00000b60    00000030     
                  00000b60    0000000c     (__TI_handler_table)
                  00000b6c    00000004     --HOLE-- [fill = 0]
                  00000b70    00000008     (.cinit..bss.load) [load image, compression = zero_init]
                  00000b78    00000008     (.cinit..data.load) [load image, compression = lzss]
                  00000b80    00000010     (__TI_cinit_table)

.init_array 
*          0    00000000    00000000     UNINITIALIZED

.binit     0    00000000    00000000     

.bss       0    20000000    00000004     UNINITIALIZED
                  20000000    00000004     (.common:click)

.data      0    20000004    00000004     UNINITIALIZED
                  20000004    00000004     system_msp432p401r.obj (.data)

.stack     0    2000fe00    00000200     UNINITIALIZED
                  2000fe00    00000004     rtsv7M4_T_le_v4SPD16_eabi.lib : boot_cortex_m.c.obj (.stack)
                  2000fe04    000001fc     --HOLE--

__llvm_prf_cnts 
*          0    20000000    00000000     UNINITIALIZED

MODULE SUMMARY

       Module                        code   ro data   rw data
       ------                        ----   -------   -------
    ./
       system_msp432p401r.obj        820    0         8      
       main.obj                      404    0         8      
       startup_msp432p401r_ccs.obj   14     228       0      
       SysTick.obj                   224    0         0      
    +--+-----------------------------+------+---------+---------+
       Total:                        1462   228       16     
                                                             
    /Applications/ti/ccs1010/ccs/tools/compiler/ti-cgt-arm_20.2.2.LTS/lib/rtsv7M4_T_le_v4SPD16_eabi.lib
       fd_add_t2.asm.obj             438    0         0      
       fd_mul_t2.asm.obj             252    0         0      
       memcpy_t2.asm.obj             156    0         0      
       copy_decompress_lzss.c.obj    104    0         0      
       autoinit.c.obj                68     0         0      
       fd_tou_t2.asm.obj             68     0         0      
       boot_cortex_m.c.obj           52     0         0      
       u_tofd_t2.asm.obj             32     0         0      
       copy_zero_init.c.obj          28     0         0      
       copy_decompress_none.c.obj    14     0         0      
       exit.c.obj                    4      0         0      
       pre_init.c.obj                4      0         0      
    +--+-----------------------------+------+---------+---------+
       Total:                        1220   0         0      
                                                             
       Stack:                        0      0         1024   
       Linker Generated:             0      44        0      
    +--+-----------------------------+------+---------+---------+
       Grand Total:                  2682   272       1040   


LINKER GENERATED COPY TABLES

__TI_cinit_table @ 00000b80 records: 2, size/record: 8, table size: 16
	.bss: load addr=00000b70, load size=00000008 bytes, run addr=20000000, run size=00000004 bytes, compression=zero_init
	.data: load addr=00000b78, load size=00000008 bytes, run addr=20000004, run size=00000004 bytes, compression=lzss


LINKER GENERATED HANDLER TABLE

__TI_handler_table @ 00000b60 records: 3, size/record: 4, table size: 12
	index: 0, handler: __TI_decompress_lzss
	index: 1, handler: __TI_decompress_none
	index: 2, handler: __TI_zero_init


GLOBAL SYMBOLS: SORTED ALPHABETICALLY BY Name 

address   name                          
-------   ----                          
00000b57  ADC14_IRQHandler              
00000b57  AES256_IRQHandler             
00000b57  BusFault_Handler              
00000b5d  C$$EXIT                       
000005f3  CHECK                         
00000b57  COMP_E0_IRQHandler            
00000b57  COMP_E1_IRQHandler            
00000b57  CS_IRQHandler                 
00000b57  DMA_ERR_IRQHandler            
00000b57  DMA_INT0_IRQHandler           
00000b57  DMA_INT1_IRQHandler           
00000b57  DMA_INT2_IRQHandler           
00000b57  DMA_INT3_IRQHandler           
00000b57  DebugMon_Handler              
00000b57  Default_Handler               
00000b57  EUSCIA0_IRQHandler            
00000b57  EUSCIA1_IRQHandler            
00000b57  EUSCIA2_IRQHandler            
00000b57  EUSCIA3_IRQHandler            
00000b57  EUSCIB0_IRQHandler            
00000b57  EUSCIB1_IRQHandler            
00000b57  EUSCIB2_IRQHandler            
00000b57  EUSCIB3_IRQHandler            
00000b57  FLCTL_IRQHandler              
00000b57  FPU_IRQHandler                
000006d9  GPIO_init                     
00000b57  HardFault_Handler             
00000b57  MemManage_Handler             
00000b57  NMI_Handler                   
00000b57  PCM_IRQHandler                
00000b57  PORT1_IRQHandler              
00000b57  PORT2_IRQHandler              
00000b57  PORT3_IRQHandler              
00000b57  PORT4_IRQHandler              
00000b57  PORT5_IRQHandler              
00000b57  PORT6_IRQHandler              
00000b57  PSS_IRQHandler                
00000b57  PendSV_Handler                
00000b57  RTC_C_IRQHandler              
00000b4b  Reset_Handler                 
00000b57  SVC_Handler                   
00000b57  SysTick_Handler               
20000004  SystemCoreClock               
000000e5  SystemCoreClockUpdate         
0000035d  SystemInit                    
00000b57  T32_INT1_IRQHandler           
00000b57  T32_INT2_IRQHandler           
00000b57  T32_INTC_IRQHandler           
00000b57  TA0_0_IRQHandler              
00000b57  TA0_N_IRQHandler              
00000b57  TA1_0_IRQHandler              
00000b57  TA1_N_IRQHandler              
00000b57  TA2_0_IRQHandler              
00000b57  TA2_N_IRQHandler              
00000b57  TA3_0_IRQHandler              
00000b57  TA3_N_IRQHandler              
00000b57  UsageFault_Handler            
4000480c  WDTCTL_SYM                    
00000b57  WDT_A_IRQHandler              
20010000  __STACK_END                   
00000200  __STACK_SIZE                  
00000b80  __TI_CINIT_Base               
00000b90  __TI_CINIT_Limit              
00000b60  __TI_Handler_Table_Base       
00000b6c  __TI_Handler_Table_Limit      
00000a45  __TI_auto_init_nobinit_nopinit
000009dd  __TI_decompress_lzss          
00000b3d  __TI_decompress_none          
ffffffff  __TI_pprof_out_hndl           
ffffffff  __TI_prof_data_size           
ffffffff  __TI_prof_data_start          
00000000  __TI_static_base__            
00000b21  __TI_zero_init_nomemset       
00000a89  __aeabi_d2uiz                 
00000423  __aeabi_dadd                  
00000765  __aeabi_dmul                  
00000419  __aeabi_dsub                  
00000941  __aeabi_memcpy                
00000941  __aeabi_memcpy4               
00000941  __aeabi_memcpy8               
00000b01  __aeabi_ui2d                  
ffffffff  __binit__                     
ffffffff  __c_args__                    
UNDEFED   __mpu_init                    
2000fe00  __stack                       
20000000  __start___llvm_prf_cnts       
20000000  __stop___llvm_prf_cnts        
00000acd  _c_int00_noargs               
UNDEFED   _system_post_cinit            
00000b59  _system_pre_init              
00000b5d  abort                         
ffffffff  binit                         
20000000  click                         
00000000  interruptVectors              
000005d1  main                          
00000941  memcpy                        
00000897  msDelay                       
000008e9  nsDelay                       
00000639  sequenceFWD                   
0000087d  sysTickInterrupt_init         
00000861  sysTick_init                  
000006c1  toggle                        
000006a9  turnOff                       
00000691  turnOn                        
000008c1  usDelay                       


GLOBAL SYMBOLS: SORTED BY Symbol Address 

address   name                          
-------   ----                          
00000000  __TI_static_base__            
00000000  interruptVectors              
000000e5  SystemCoreClockUpdate         
00000200  __STACK_SIZE                  
0000035d  SystemInit                    
00000419  __aeabi_dsub                  
00000423  __aeabi_dadd                  
000005d1  main                          
000005f3  CHECK                         
00000639  sequenceFWD                   
00000691  turnOn                        
000006a9  turnOff                       
000006c1  toggle                        
000006d9  GPIO_init                     
00000765  __aeabi_dmul                  
00000861  sysTick_init                  
0000087d  sysTickInterrupt_init         
00000897  msDelay                       
000008c1  usDelay                       
000008e9  nsDelay                       
00000941  __aeabi_memcpy                
00000941  __aeabi_memcpy4               
00000941  __aeabi_memcpy8               
00000941  memcpy                        
000009dd  __TI_decompress_lzss          
00000a45  __TI_auto_init_nobinit_nopinit
00000a89  __aeabi_d2uiz                 
00000acd  _c_int00_noargs               
00000b01  __aeabi_ui2d                  
00000b21  __TI_zero_init_nomemset       
00000b3d  __TI_decompress_none          
00000b4b  Reset_Handler                 
00000b57  ADC14_IRQHandler              
00000b57  AES256_IRQHandler             
00000b57  BusFault_Handler              
00000b57  COMP_E0_IRQHandler            
00000b57  COMP_E1_IRQHandler            
00000b57  CS_IRQHandler                 
00000b57  DMA_ERR_IRQHandler            
00000b57  DMA_INT0_IRQHandler           
00000b57  DMA_INT1_IRQHandler           
00000b57  DMA_INT2_IRQHandler           
00000b57  DMA_INT3_IRQHandler           
00000b57  DebugMon_Handler              
00000b57  Default_Handler               
00000b57  EUSCIA0_IRQHandler            
00000b57  EUSCIA1_IRQHandler            
00000b57  EUSCIA2_IRQHandler            
00000b57  EUSCIA3_IRQHandler            
00000b57  EUSCIB0_IRQHandler            
00000b57  EUSCIB1_IRQHandler            
00000b57  EUSCIB2_IRQHandler            
00000b57  EUSCIB3_IRQHandler            
00000b57  FLCTL_IRQHandler              
00000b57  FPU_IRQHandler                
00000b57  HardFault_Handler             
00000b57  MemManage_Handler             
00000b57  NMI_Handler                   
00000b57  PCM_IRQHandler                
00000b57  PORT1_IRQHandler              
00000b57  PORT2_IRQHandler              
00000b57  PORT3_IRQHandler              
00000b57  PORT4_IRQHandler              
00000b57  PORT5_IRQHandler              
00000b57  PORT6_IRQHandler              
00000b57  PSS_IRQHandler                
00000b57  PendSV_Handler                
00000b57  RTC_C_IRQHandler              
00000b57  SVC_Handler                   
00000b57  SysTick_Handler               
00000b57  T32_INT1_IRQHandler           
00000b57  T32_INT2_IRQHandler           
00000b57  T32_INTC_IRQHandler           
00000b57  TA0_0_IRQHandler              
00000b57  TA0_N_IRQHandler              
00000b57  TA1_0_IRQHandler              
00000b57  TA1_N_IRQHandler              
00000b57  TA2_0_IRQHandler              
00000b57  TA2_N_IRQHandler              
00000b57  TA3_0_IRQHandler              
00000b57  TA3_N_IRQHandler              
00000b57  UsageFault_Handler            
00000b57  WDT_A_IRQHandler              
00000b59  _system_pre_init              
00000b5d  C$$EXIT                       
00000b5d  abort                         
00000b60  __TI_Handler_Table_Base       
00000b6c  __TI_Handler_Table_Limit      
00000b80  __TI_CINIT_Base               
00000b90  __TI_CINIT_Limit              
20000000  __start___llvm_prf_cnts       
20000000  __stop___llvm_prf_cnts        
20000000  click                         
20000004  SystemCoreClock               
2000fe00  __stack                       
20010000  __STACK_END                   
4000480c  WDTCTL_SYM                    
ffffffff  __TI_pprof_out_hndl           
ffffffff  __TI_prof_data_size           
ffffffff  __TI_prof_data_start          
ffffffff  __binit__                     
ffffffff  __c_args__                    
ffffffff  binit                         
UNDEFED   __mpu_init                    
UNDEFED   _system_post_cinit            

[105 symbols]
